Release 14.7 - xst P.20131013 (nt)
Copyright (c) 1995-2013 Xilinx, Inc.  All rights reserved.
--> Parameter TMPDIR set to xst/projnav.tmp


Total REAL time to Xst completion: 0.00 secs
Total CPU time to Xst completion: 0.06 secs
 
--> Parameter xsthdpdir set to xst


Total REAL time to Xst completion: 0.00 secs
Total CPU time to Xst completion: 0.06 secs
 
--> Reading design: UP_down_counter.prj

TABLE OF CONTENTS
  1) Synthesis Options Summary
  2) HDL Parsing
  3) HDL Elaboration
  4) HDL Synthesis
       4.1) HDL Synthesis Report
  5) Advanced HDL Synthesis
       5.1) Advanced HDL Synthesis Report
  6) Low Level Synthesis
  7) Partition Report
  8) Design Summary
       8.1) Primitive and Black Box Usage
       8.2) Device utilization summary
       8.3) Partition Resource Summary
       8.4) Timing Report
            8.4.1) Clock Information
            8.4.2) Asynchronous Control Signals Information
            8.4.3) Timing Summary
            8.4.4) Timing Details
            8.4.5) Cross Clock Domains Report


=========================================================================
*                      Synthesis Options Summary                        *
=========================================================================
---- Source Parameters
Input File Name                    : "UP_down_counter.prj"
Ignore Synthesis Constraint File   : NO

---- Target Parameters
Output File Name                   : "UP_down_counter"
Output Format                      : NGC
Target Device                      : xc7a100t-3-csg324

---- Source Options
Top Module Name                    : UP_down_counter
Automatic FSM Extraction           : YES
FSM Encoding Algorithm             : Auto
Safe Implementation                : No
FSM Style                          : LUT
RAM Extraction                     : Yes
RAM Style                          : Auto
ROM Extraction                     : Yes
Shift Register Extraction          : YES
ROM Style                          : Auto
Resource Sharing                   : YES
Asynchronous To Synchronous        : NO
Shift Register Minimum Size        : 2
Use DSP Block                      : Auto
Automatic Register Balancing       : No

---- Target Options
LUT Combining                      : Auto
Reduce Control Sets                : Auto
Add IO Buffers                     : YES
Global Maximum Fanout              : 100000
Add Generic Clock Buffer(BUFG)     : 32
Register Duplication               : YES
Optimize Instantiated Primitives   : NO
Use Clock Enable                   : Auto
Use Synchronous Set                : Auto
Use Synchronous Reset              : Auto
Pack IO Registers into IOBs        : Auto
Equivalent register Removal        : YES

---- General Options
Optimization Goal                  : Speed
Optimization Effort                : 1
Power Reduction                    : NO
Keep Hierarchy                     : No
Netlist Hierarchy                  : As_Optimized
RTL Output                         : Yes
Global Optimization                : AllClockNets
Read Cores                         : YES
Write Timing Constraints           : NO
Cross Clock Analysis               : NO
Hierarchy Separator                : /
Bus Delimiter                      : <>
Case Specifier                     : Maintain
Slice Utilization Ratio            : 100
BRAM Utilization Ratio             : 100
DSP48 Utilization Ratio            : 100
Auto BRAM Packing                  : NO
Slice Utilization Ratio Delta      : 5

=========================================================================


=========================================================================
*                          HDL Parsing                                  *
=========================================================================
Parsing VHDL file "C:\Users\Zahraa\Documents\FPGA\hw30\seg_display.vhd" into library work
Parsing entity <seg_display>.
Parsing architecture <Behavioral> of entity <seg_display>.
Parsing VHDL file "C:\Users\Zahraa\Documents\FPGA\hw30\FSM_counter.vhd" into library work
Parsing entity <FSM_counter>.
Parsing architecture <state_machine> of entity <fsm_counter>.
Parsing VHDL file "C:\Users\Zahraa\Documents\FPGA\hw30\clk_div.vhd" into library work
Parsing entity <clk_div>.
Parsing architecture <Behavioral> of entity <clk_div>.
Parsing VHDL file "C:\Users\Zahraa\Documents\FPGA\hw30\UP_DOWN_COUNTER.vhd" into library work
Parsing entity <UP_down_counter>.
Parsing architecture <Behavioral> of entity <up_down_counter>.

=========================================================================
*                            HDL Elaboration                            *
=========================================================================

Elaborating entity <UP_down_counter> (architecture <Behavioral>) from library <work>.

Elaborating entity <clk_div> (architecture <Behavioral>) from library <work>.
WARNING:HDLCompiler:1127 - "C:\Users\Zahraa\Documents\FPGA\hw30\clk_div.vhd" Line 52: Assignment to led_activating_counter ignored, since the identifier is never used

Elaborating entity <FSM_counter> (architecture <state_machine>) from library <work>.

Elaborating entity <seg_display> (architecture <Behavioral>) from library <work>.
WARNING:HDLCompiler:92 - "C:\Users\Zahraa\Documents\FPGA\hw30\UP_DOWN_COUNTER.vhd" Line 55: displayed_number should be on the sensitivity list of the process
WARNING:HDLCompiler:92 - "C:\Users\Zahraa\Documents\FPGA\hw30\UP_DOWN_COUNTER.vhd" Line 60: displayed_number should be on the sensitivity list of the process
WARNING:HDLCompiler:92 - "C:\Users\Zahraa\Documents\FPGA\hw30\UP_DOWN_COUNTER.vhd" Line 65: displayed_number should be on the sensitivity list of the process
WARNING:HDLCompiler:92 - "C:\Users\Zahraa\Documents\FPGA\hw30\UP_DOWN_COUNTER.vhd" Line 70: displayed_number should be on the sensitivity list of the process
WARNING:HDLCompiler:1127 - "C:\Users\Zahraa\Documents\FPGA\hw30\UP_DOWN_COUNTER.vhd" Line 49: Assignment to led_bcd ignored, since the identifier is never used

=========================================================================
*                           HDL Synthesis                               *
=========================================================================

Synthesizing Unit <UP_down_counter>.
    Related source file is "C:\Users\Zahraa\Documents\FPGA\hw30\UP_DOWN_COUNTER.vhd".
    Found 16x4-bit Read Only RAM for signal <AN>
    Summary:
	inferred   1 RAM(s).
Unit <UP_down_counter> synthesized.

Synthesizing Unit <clk_div>.
    Related source file is "C:\Users\Zahraa\Documents\FPGA\hw30\clk_div.vhd".
    Summary:
	no macro.
Unit <clk_div> synthesized.

Synthesizing Unit <FSM_counter>.
    Related source file is "C:\Users\Zahraa\Documents\FPGA\hw30\FSM_counter.vhd".
    Found 4-bit register for signal <pr_state>.
    Found finite state machine <FSM_0> for signal <pr_state>.
    -----------------------------------------------------------------------
    | States             | 10                                             |
    | Transitions        | 20                                             |
    | Inputs             | 1                                              |
    | Outputs            | 4                                              |
    | Clock              | clk (rising_edge)                              |
    | Reset              | rst (positive)                                 |
    | Reset type         | asynchronous                                   |
    | Reset State        | zero                                           |
    | Power Up State     | zero                                           |
    | Encoding           | auto                                           |
    | Implementation     | LUT                                            |
    -----------------------------------------------------------------------
    Summary:
	inferred   1 Finite State Machine(s).
Unit <FSM_counter> synthesized.

Synthesizing Unit <seg_display>.
    Related source file is "C:\Users\Zahraa\Documents\FPGA\hw30\seg_display.vhd".
    Found 7-bit register for signal <segment>.
    Found 16x7-bit Read Only RAM for signal <data[3]_GND_8_o_wide_mux_0_OUT>
    Summary:
	inferred   1 RAM(s).
	inferred   7 D-type flip-flop(s).
Unit <seg_display> synthesized.

=========================================================================
HDL Synthesis Report

Macro Statistics
# RAMs                                                 : 2
 16x4-bit single-port Read Only RAM                    : 1
 16x7-bit single-port Read Only RAM                    : 1
# Registers                                            : 1
 7-bit register                                        : 1
# FSMs                                                 : 1

=========================================================================

=========================================================================
*                       Advanced HDL Synthesis                          *
=========================================================================

WARNING:Xst:1710 - FF/Latch <segment_0> (without init value) has a constant value of 0 in block <u3>. This FF/Latch will be trimmed during the optimization process.
WARNING:Xst:1710 - FF/Latch <segment_1> (without init value) has a constant value of 0 in block <u3>. This FF/Latch will be trimmed during the optimization process.
WARNING:Xst:1710 - FF/Latch <segment_2> (without init value) has a constant value of 0 in block <u3>. This FF/Latch will be trimmed during the optimization process.
WARNING:Xst:1710 - FF/Latch <segment_3> (without init value) has a constant value of 0 in block <u3>. This FF/Latch will be trimmed during the optimization process.
WARNING:Xst:1710 - FF/Latch <segment_4> (without init value) has a constant value of 0 in block <u3>. This FF/Latch will be trimmed during the optimization process.
WARNING:Xst:1710 - FF/Latch <segment_5> (without init value) has a constant value of 0 in block <u3>. This FF/Latch will be trimmed during the optimization process.
WARNING:Xst:1710 - FF/Latch <segment_6> (without init value) has a constant value of 0 in block <u3>. This FF/Latch will be trimmed during the optimization process.

Synthesizing (advanced) Unit <UP_down_counter>.
INFO:Xst:3218 - HDL ADVISOR - The RAM <Mram_AN> will be implemented on LUTs either because you have described an asynchronous read or because of currently unsupported block RAM features. If you have described an asynchronous read, making it synchronous would allow you to take advantage of available block RAM resources, for optimized device usage and improved timings. Please refer to your documentation for coding guidelines.
    -----------------------------------------------------------------------
    | ram_type           | Distributed                         |          |
    -----------------------------------------------------------------------
    | Port A                                                              |
    |     aspect ratio   | 16-word x 4-bit                     |          |
    |     weA            | connected to signal <GND>           | high     |
    |     addrA          | connected to signal <LED_activating_counter> |          |
    |     diA            | connected to signal <GND>           |          |
    |     doA            | connected to signal <AN>            |          |
    -----------------------------------------------------------------------
Unit <UP_down_counter> synthesized (advanced).

Synthesizing (advanced) Unit <seg_display>.
INFO:Xst:3231 - The small RAM <Mram_data[3]_GND_8_o_wide_mux_0_OUT> will be implemented on LUTs in order to maximize performance and save block RAM resources. If you want to force its implementation on block, use option/constraint ram_style.
    -----------------------------------------------------------------------
    | ram_type           | Distributed                         |          |
    -----------------------------------------------------------------------
    | Port A                                                              |
    |     aspect ratio   | 16-word x 7-bit                     |          |
    |     weA            | connected to signal <GND>           | high     |
    |     addrA          | connected to signal <data>          |          |
    |     diA            | connected to signal <GND>           |          |
    |     doA            | connected to internal node          |          |
    -----------------------------------------------------------------------
Unit <seg_display> synthesized (advanced).

=========================================================================
Advanced HDL Synthesis Report

Macro Statistics
# RAMs                                                 : 2
 16x4-bit single-port distributed Read Only RAM        : 1
 16x7-bit single-port distributed Read Only RAM        : 1
# Registers                                            : 7
 Flip-Flops                                            : 7
# FSMs                                                 : 1

=========================================================================

=========================================================================
*                         Low Level Synthesis                           *
=========================================================================
WARNING:Xst:1710 - FF/Latch <segment_0> (without init value) has a constant value of 0 in block <seg_display>. This FF/Latch will be trimmed during the optimization process.
WARNING:Xst:1710 - FF/Latch <segment_1> (without init value) has a constant value of 0 in block <seg_display>. This FF/Latch will be trimmed during the optimization process.
WARNING:Xst:1710 - FF/Latch <segment_2> (without init value) has a constant value of 0 in block <seg_display>. This FF/Latch will be trimmed during the optimization process.
WARNING:Xst:1710 - FF/Latch <segment_3> (without init value) has a constant value of 0 in block <seg_display>. This FF/Latch will be trimmed during the optimization process.
WARNING:Xst:1710 - FF/Latch <segment_4> (without init value) has a constant value of 0 in block <seg_display>. This FF/Latch will be trimmed during the optimization process.
WARNING:Xst:1710 - FF/Latch <segment_5> (without init value) has a constant value of 0 in block <seg_display>. This FF/Latch will be trimmed during the optimization process.
WARNING:Xst:1710 - FF/Latch <segment_6> (without init value) has a constant value of 0 in block <seg_display>. This FF/Latch will be trimmed during the optimization process.
Analyzing FSM <MFsm> for best encoding.
Optimizing FSM <FSM_0> on signal <pr_state[1:4]> with user encoding.
-------------------
 State | Encoding
-------------------
 zero  | 0000
 one   | 0001
 two   | 0010
 three | 0011
 four  | 0100
 five  | 0101
 six   | 0110
 seven | 0111
 eight | 1000
 nine  | 1001
-------------------
WARNING:Xst:1293 - FF/Latch <u2/pr_state_FSM_FFd3> has a constant value of 0 in block <UP_down_counter>. This FF/Latch will be trimmed during the optimization process.
WARNING:Xst:1896 - Due to other FF/Latch trimming, FF/Latch <u2/pr_state_FSM_FFd4> has a constant value of 0 in block <UP_down_counter>. This FF/Latch will be trimmed during the optimization process.
WARNING:Xst:1896 - Due to other FF/Latch trimming, FF/Latch <u2/pr_state_FSM_FFd2> has a constant value of 0 in block <UP_down_counter>. This FF/Latch will be trimmed during the optimization process.
WARNING:Xst:1896 - Due to other FF/Latch trimming, FF/Latch <u2/pr_state_FSM_FFd1> has a constant value of 0 in block <UP_down_counter>. This FF/Latch will be trimmed during the optimization process.

Optimizing unit <UP_down_counter> ...

Mapping all equations...
Building and optimizing final netlist ...
Found area constraint ratio of 100 (+ 5) on block UP_down_counter, actual ratio is 0.

Final Macro Processing ...

=========================================================================
Final Register Report

Found no macro
=========================================================================

=========================================================================
*                           Partition Report                            *
=========================================================================

Partition Implementation Status
-------------------------------

  No Partitions were found in this design.

-------------------------------

=========================================================================
*                            Design Summary                             *
=========================================================================

Top Level Output File Name         : UP_down_counter.ngc

Primitive and Black Box Usage:
------------------------------
# BELS                             : 2
#      GND                         : 1
#      VCC                         : 1
# IO Buffers                       : 12
#      OBUF                        : 12

Device utilization summary:
---------------------------

Selected Device : 7a100tcsg324-3 


Slice Logic Utilization: 

Slice Logic Distribution: 
 Number of LUT Flip Flop pairs used:      0
   Number with an unused Flip Flop:       0  out of      0         
   Number with an unused LUT:             0  out of      0         
   Number of fully used LUT-FF pairs:     0  out of      0         
   Number of unique control sets:         0

IO Utilization: 
 Number of IOs:                          15
 Number of bonded IOBs:                  12  out of    210     5%  

Specific Feature Utilization:

---------------------------
Partition Resource Summary:
---------------------------

  No Partitions were found in this design.

---------------------------


=========================================================================
Timing Report

NOTE: THESE TIMING NUMBERS ARE ONLY A SYNTHESIS ESTIMATE.
      FOR ACCURATE TIMING INFORMATION PLEASE REFER TO THE TRACE REPORT
      GENERATED AFTER PLACE-and-ROUTE.

Clock Information:
------------------
No clock signals found in this design

Asynchronous Control Signals Information:
----------------------------------------
No asynchronous control signals found in this design

Timing Summary:
---------------
Speed Grade: -3

   Minimum period: No path found
   Minimum input arrival time before clock: No path found
   Maximum output required time after clock: No path found
   Maximum combinational path delay: No path found

Timing Details:
---------------
All values displayed in nanoseconds (ns)

=========================================================================

Cross Clock Domains Report:
--------------------------

=========================================================================


Total REAL time to Xst completion: 3.00 secs
Total CPU time to Xst completion: 3.59 secs
 
--> 

Total memory usage is 346528 kilobytes

Number of errors   :    0 (   0 filtered)
Number of warnings :   24 (   0 filtered)
Number of infos    :    2 (   0 filtered)

