--------------------------------------------------------------------------------
Release 14.7 Trace  (nt)
Copyright (c) 1995-2013 Xilinx, Inc.  All rights reserved.

C:\Xilinx\14.7\ISE_DS\ISE\bin\nt\unwrapped\trce.exe -intstyle ise -v 3 -s 3 -n
3 -fastpaths -xml Ripple_Adder.twx Ripple_Adder.ncd -o Ripple_Adder.twr
Ripple_Adder.pcf

Design file:              Ripple_Adder.ncd
Physical constraint file: Ripple_Adder.pcf
Device,package,speed:     xc7a100t,csg324,C,-3 (PRODUCTION 1.10 2013-10-13)
Report level:             verbose report

Environment Variable      Effect 
--------------------      ------ 
NONE                      No environment variables were set
--------------------------------------------------------------------------------

INFO:Timing:2698 - No timing constraints found, doing default enumeration.
INFO:Timing:3412 - To improve timing, see the Timing Closure User Guide (UG612).
INFO:Timing:2752 - To get complete path coverage, use the unconstrained paths 
   option. All paths that are not constrained will be reported in the 
   unconstrained paths section(s) of the report.
INFO:Timing:3339 - The clock-to-out numbers in this timing report are based on 
   a 50 Ohm transmission line loading model.  For the details of this model, 
   and for more information on accounting for different loading conditions, 
   please see the device datasheet.



Data Sheet report:
-----------------
All values displayed in nanoseconds (ns)

Pad to Pad
---------------+---------------+---------+
Source Pad     |Destination Pad|  Delay  |
---------------+---------------+---------+
A<0>           |Cout           |    7.592|
A<0>           |S<0>           |    7.715|
A<0>           |S<1>           |    7.555|
A<0>           |S<2>           |    8.109|
A<0>           |S<3>           |    7.793|
A<1>           |Cout           |    7.146|
A<1>           |S<1>           |    7.125|
A<1>           |S<2>           |    7.663|
A<1>           |S<3>           |    7.347|
A<2>           |Cout           |    6.660|
A<2>           |S<2>           |    7.242|
A<2>           |S<3>           |    6.867|
A<3>           |Cout           |    7.244|
A<3>           |S<3>           |    7.437|
B<0>           |Cout           |    7.603|
B<0>           |S<0>           |    7.409|
B<0>           |S<1>           |    7.573|
B<0>           |S<2>           |    8.120|
B<0>           |S<3>           |    7.804|
B<1>           |Cout           |    7.268|
B<1>           |S<1>           |    7.246|
B<1>           |S<2>           |    7.785|
B<1>           |S<3>           |    7.469|
B<2>           |Cout           |    7.288|
B<2>           |S<2>           |    7.969|
B<2>           |S<3>           |    7.497|
B<3>           |Cout           |    6.925|
B<3>           |S<3>           |    7.122|
Cin            |Cout           |    8.906|
Cin            |S<0>           |    9.347|
Cin            |S<1>           |    8.878|
Cin            |S<2>           |    9.423|
Cin            |S<3>           |    9.107|
---------------+---------------+---------+


Analysis completed Sun Nov 27 15:58:15 2022 
--------------------------------------------------------------------------------

Trace Settings:
-------------------------
Trace Settings 

Peak Memory Usage: 408 MB



