--------------------------------------------------------------------------------
Release 14.7 Trace  (nt)
Copyright (c) 1995-2013 Xilinx, Inc.  All rights reserved.

C:\Xilinx\14.7\ISE_DS\ISE\bin\nt\unwrapped\trce.exe -intstyle ise -v 3 -s 3 -n
3 -fastpaths -xml ALU.twx ALU.ncd -o ALU.twr ALU.pcf

Design file:              ALU.ncd
Physical constraint file: ALU.pcf
Device,package,speed:     xc7a100t,csg324,C,-3 (PRODUCTION 1.10 2013-10-13)
Report level:             verbose report

Environment Variable      Effect 
--------------------      ------ 
NONE                      No environment variables were set
--------------------------------------------------------------------------------

INFO:Timing:2698 - No timing constraints found, doing default enumeration.
INFO:Timing:3412 - To improve timing, see the Timing Closure User Guide (UG612).
INFO:Timing:2752 - To get complete path coverage, use the unconstrained paths 
   option. All paths that are not constrained will be reported in the 
   unconstrained paths section(s) of the report.
INFO:Timing:3339 - The clock-to-out numbers in this timing report are based on 
   a 50 Ohm transmission line loading model.  For the details of this model, 
   and for more information on accounting for different loading conditions, 
   please see the device datasheet.



Data Sheet report:
-----------------
All values displayed in nanoseconds (ns)

Pad to Pad
---------------+---------------+---------+
Source Pad     |Destination Pad|  Delay  |
---------------+---------------+---------+
A<0>           |F<0>           |    6.520|
A<0>           |F<1>           |    6.441|
A<0>           |F<2>           |    6.684|
A<0>           |F<3>           |    6.740|
A<0>           |F<4>           |    7.156|
A<0>           |F<5>           |    6.903|
A<0>           |F<6>           |    6.666|
A<0>           |F<7>           |    7.016|
A<1>           |F<1>           |    6.049|
A<1>           |F<2>           |    6.451|
A<1>           |F<3>           |    6.507|
A<1>           |F<4>           |    6.915|
A<1>           |F<5>           |    6.662|
A<1>           |F<6>           |    6.425|
A<1>           |F<7>           |    6.775|
A<2>           |F<2>           |    6.427|
A<2>           |F<3>           |    6.516|
A<2>           |F<4>           |    7.023|
A<2>           |F<5>           |    6.770|
A<2>           |F<6>           |    6.533|
A<2>           |F<7>           |    6.883|
A<3>           |F<3>           |    6.343|
A<3>           |F<4>           |    6.928|
A<3>           |F<5>           |    6.675|
A<3>           |F<6>           |    6.438|
A<3>           |F<7>           |    6.788|
A<4>           |F<4>           |    6.426|
A<4>           |F<5>           |    6.218|
A<4>           |F<6>           |    6.134|
A<4>           |F<7>           |    6.476|
A<5>           |F<5>           |    6.204|
A<5>           |F<6>           |    6.279|
A<5>           |F<7>           |    6.621|
A<6>           |F<6>           |    5.843|
A<6>           |F<7>           |    6.326|
A<7>           |F<7>           |    6.061|
B<0>           |F<0>           |    6.264|
B<0>           |F<1>           |    6.185|
B<0>           |F<2>           |    6.428|
B<0>           |F<3>           |    6.484|
B<0>           |F<4>           |    6.900|
B<0>           |F<5>           |    6.647|
B<0>           |F<6>           |    6.410|
B<0>           |F<7>           |    6.760|
B<1>           |F<1>           |    6.261|
B<1>           |F<2>           |    6.663|
B<1>           |F<3>           |    6.719|
B<1>           |F<4>           |    7.127|
B<1>           |F<5>           |    6.874|
B<1>           |F<6>           |    6.637|
B<1>           |F<7>           |    6.987|
B<2>           |F<2>           |    6.425|
B<2>           |F<3>           |    6.514|
B<2>           |F<4>           |    7.021|
B<2>           |F<5>           |    6.768|
B<2>           |F<6>           |    6.531|
B<2>           |F<7>           |    6.881|
B<3>           |F<3>           |    6.685|
B<3>           |F<4>           |    7.270|
B<3>           |F<5>           |    7.017|
B<3>           |F<6>           |    6.780|
B<3>           |F<7>           |    7.130|
B<4>           |F<4>           |    6.965|
B<4>           |F<5>           |    6.757|
B<4>           |F<6>           |    6.673|
B<4>           |F<7>           |    7.015|
B<5>           |F<5>           |    6.673|
B<5>           |F<6>           |    6.748|
B<5>           |F<7>           |    7.090|
B<6>           |F<6>           |    6.447|
B<6>           |F<7>           |    6.822|
B<7>           |F<7>           |    6.807|
FS<0>          |F<0>           |    7.251|
FS<0>          |F<1>           |    7.131|
FS<0>          |F<2>           |    7.277|
FS<0>          |F<3>           |    7.338|
FS<0>          |F<4>           |    7.765|
FS<0>          |F<5>           |    7.512|
FS<0>          |F<6>           |    7.275|
FS<0>          |F<7>           |    7.625|
FS<1>          |F<0>           |    7.406|
FS<1>          |F<1>           |    7.286|
FS<1>          |F<2>           |    7.432|
FS<1>          |F<3>           |    7.493|
FS<1>          |F<4>           |    7.920|
FS<1>          |F<5>           |    7.667|
FS<1>          |F<6>           |    7.430|
FS<1>          |F<7>           |    7.780|
FS<2>          |F<0>           |    5.430|
FS<2>          |F<1>           |    5.407|
FS<2>          |F<2>           |    5.765|
FS<2>          |F<3>           |    5.592|
FS<2>          |F<4>           |    5.454|
FS<2>          |F<5>           |    5.435|
FS<2>          |F<6>           |    5.585|
FS<2>          |F<7>           |    5.712|
---------------+---------------+---------+


Analysis completed Wed Nov 16 23:44:58 2022 
--------------------------------------------------------------------------------

Trace Settings:
-------------------------
Trace Settings 

Peak Memory Usage: 410 MB



