Release 14.7 - xst P.20131013 (nt)
Copyright (c) 1995-2013 Xilinx, Inc.  All rights reserved.
--> Parameter TMPDIR set to xst/projnav.tmp


Total REAL time to Xst completion: 0.00 secs
Total CPU time to Xst completion: 0.07 secs
 
--> Parameter xsthdpdir set to xst


Total REAL time to Xst completion: 0.00 secs
Total CPU time to Xst completion: 0.07 secs
 
--> Reading design: elevator.prj

TABLE OF CONTENTS
  1) Synthesis Options Summary
  2) HDL Parsing
  3) HDL Elaboration
  4) HDL Synthesis
       4.1) HDL Synthesis Report
  5) Advanced HDL Synthesis
       5.1) Advanced HDL Synthesis Report
  6) Low Level Synthesis
  7) Partition Report
  8) Design Summary
       8.1) Primitive and Black Box Usage
       8.2) Device utilization summary
       8.3) Partition Resource Summary
       8.4) Timing Report
            8.4.1) Clock Information
            8.4.2) Asynchronous Control Signals Information
            8.4.3) Timing Summary
            8.4.4) Timing Details
            8.4.5) Cross Clock Domains Report


=========================================================================
*                      Synthesis Options Summary                        *
=========================================================================
---- Source Parameters
Input File Name                    : "elevator.prj"
Ignore Synthesis Constraint File   : NO

---- Target Parameters
Output File Name                   : "elevator"
Output Format                      : NGC
Target Device                      : xc7a100t-3-csg324

---- Source Options
Top Module Name                    : elevator
Automatic FSM Extraction           : YES
FSM Encoding Algorithm             : Auto
Safe Implementation                : No
FSM Style                          : LUT
RAM Extraction                     : Yes
RAM Style                          : Auto
ROM Extraction                     : Yes
Shift Register Extraction          : YES
ROM Style                          : Auto
Resource Sharing                   : YES
Asynchronous To Synchronous        : NO
Shift Register Minimum Size        : 2
Use DSP Block                      : Auto
Automatic Register Balancing       : No

---- Target Options
LUT Combining                      : Auto
Reduce Control Sets                : Auto
Add IO Buffers                     : YES
Global Maximum Fanout              : 100000
Add Generic Clock Buffer(BUFG)     : 32
Register Duplication               : YES
Optimize Instantiated Primitives   : NO
Use Clock Enable                   : Auto
Use Synchronous Set                : Auto
Use Synchronous Reset              : Auto
Pack IO Registers into IOBs        : Auto
Equivalent register Removal        : YES

---- General Options
Optimization Goal                  : Speed
Optimization Effort                : 1
Power Reduction                    : NO
Keep Hierarchy                     : No
Netlist Hierarchy                  : As_Optimized
RTL Output                         : Yes
Global Optimization                : AllClockNets
Read Cores                         : YES
Write Timing Constraints           : NO
Cross Clock Analysis               : NO
Hierarchy Separator                : /
Bus Delimiter                      : <>
Case Specifier                     : Maintain
Slice Utilization Ratio            : 100
BRAM Utilization Ratio             : 100
DSP48 Utilization Ratio            : 100
Auto BRAM Packing                  : NO
Slice Utilization Ratio Delta      : 5

=========================================================================


=========================================================================
*                          HDL Parsing                                  *
=========================================================================
Parsing VHDL file "C:\Users\Zahraa\Documents\FPGA\hw32\elevator.vhd" into library work
Parsing entity <elevator>.
Parsing architecture <Behavioral> of entity <elevator>.

=========================================================================
*                            HDL Elaboration                            *
=========================================================================

Elaborating entity <elevator> (architecture <Behavioral>) from library <work>.
INFO:HDLCompiler:679 - "C:\Users\Zahraa\Documents\FPGA\hw32\elevator.vhd" Line 133. Case statement is complete. others clause is never selected

=========================================================================
*                           HDL Synthesis                               *
=========================================================================

Synthesizing Unit <elevator>.
    Related source file is "C:\Users\Zahraa\Documents\FPGA\hw32\elevator.vhd".
    Found 4-bit register for signal <temp1>.
    Found 4-bit register for signal <temp2>.
    Found 4-bit register for signal <floor_state>.
INFO:Xst:1799 - State floor5 is never reached in FSM <floor_state>.
INFO:Xst:1799 - State floor6 is never reached in FSM <floor_state>.
INFO:Xst:1799 - State floor7 is never reached in FSM <floor_state>.
INFO:Xst:1799 - State floor8 is never reached in FSM <floor_state>.
INFO:Xst:1799 - State floor9 is never reached in FSM <floor_state>.
INFO:Xst:1799 - State floor10 is never reached in FSM <floor_state>.
INFO:Xst:1799 - State floor11 is never reached in FSM <floor_state>.
INFO:Xst:1799 - State floor12 is never reached in FSM <floor_state>.
INFO:Xst:1799 - State floor13 is never reached in FSM <floor_state>.
INFO:Xst:1799 - State floor14 is never reached in FSM <floor_state>.
INFO:Xst:1799 - State floor15 is never reached in FSM <floor_state>.
INFO:Xst:1799 - State floor16 is never reached in FSM <floor_state>.
    Found finite state machine <FSM_0> for signal <floor_state>.
    -----------------------------------------------------------------------
    | States             | 16                                             |
    | Transitions        | 12                                             |
    | Inputs             | 2                                              |
    | Outputs            | 3                                              |
    | Clock              | clk (rising_edge)                              |
    | Reset              | reset (positive)                               |
    | Reset type         | synchronous                                    |
    | Reset State        | floor1                                         |
    | Power Up State     | floor1                                         |
    | Encoding           | auto                                           |
    | Implementation     | LUT                                            |
    -----------------------------------------------------------------------
    Found 4-bit adder for signal <temp1[3]_GND_3_o_add_53_OUT> created at line 169.
    Found 4-bit adder for signal <temp2[3]_GND_3_o_add_55_OUT> created at line 172.
    Found 16x7-bit Read Only RAM for signal <digit1>
    Found 16x7-bit Read Only RAM for signal <digit2>
    Summary:
	inferred   2 RAM(s).
	inferred   2 Adder/Subtractor(s).
	inferred   8 D-type flip-flop(s).
	inferred   2 Multiplexer(s).
	inferred   1 Finite State Machine(s).
Unit <elevator> synthesized.

=========================================================================
HDL Synthesis Report

Macro Statistics
# RAMs                                                 : 2
 16x7-bit single-port Read Only RAM                    : 2
# Adders/Subtractors                                   : 2
 4-bit adder                                           : 2
# Registers                                            : 2
 4-bit register                                        : 2
# Multiplexers                                         : 2
 4-bit 2-to-1 multiplexer                              : 2
# FSMs                                                 : 1

=========================================================================

=========================================================================
*                       Advanced HDL Synthesis                          *
=========================================================================


Synthesizing (advanced) Unit <elevator>.
INFO:Xst:3218 - HDL ADVISOR - The RAM <Mram_digit1> will be implemented on LUTs either because you have described an asynchronous read or because of currently unsupported block RAM features. If you have described an asynchronous read, making it synchronous would allow you to take advantage of available block RAM resources, for optimized device usage and improved timings. Please refer to your documentation for coding guidelines.
    -----------------------------------------------------------------------
    | ram_type           | Distributed                         |          |
    -----------------------------------------------------------------------
    | Port A                                                              |
    |     aspect ratio   | 16-word x 7-bit                     |          |
    |     weA            | connected to signal <GND>           | high     |
    |     addrA          | connected to signal <temp1>         |          |
    |     diA            | connected to signal <GND>           |          |
    |     doA            | connected to signal <digit1>        |          |
    -----------------------------------------------------------------------
INFO:Xst:3218 - HDL ADVISOR - The RAM <Mram_digit2> will be implemented on LUTs either because you have described an asynchronous read or because of currently unsupported block RAM features. If you have described an asynchronous read, making it synchronous would allow you to take advantage of available block RAM resources, for optimized device usage and improved timings. Please refer to your documentation for coding guidelines.
    -----------------------------------------------------------------------
    | ram_type           | Distributed                         |          |
    -----------------------------------------------------------------------
    | Port A                                                              |
    |     aspect ratio   | 16-word x 7-bit                     |          |
    |     weA            | connected to signal <GND>           | high     |
    |     addrA          | connected to signal <temp2>         |          |
    |     diA            | connected to signal <GND>           |          |
    |     doA            | connected to signal <digit2>        |          |
    -----------------------------------------------------------------------
Unit <elevator> synthesized (advanced).

=========================================================================
Advanced HDL Synthesis Report

Macro Statistics
# RAMs                                                 : 2
 16x7-bit single-port distributed Read Only RAM        : 2
# Adders/Subtractors                                   : 2
 4-bit adder                                           : 2
# Registers                                            : 8
 Flip-Flops                                            : 8
# Multiplexers                                         : 2
 4-bit 2-to-1 multiplexer                              : 2
# FSMs                                                 : 1

=========================================================================

=========================================================================
*                         Low Level Synthesis                           *
=========================================================================
Analyzing FSM <MFsm> for best encoding.
Optimizing FSM <FSM_0> on signal <floor_state[1:2]> with gray encoding.
---------------------
 State   | Encoding
---------------------
 floor1  | 00
 floor2  | 01
 floor3  | 11
 floor4  | 10
 floor5  | unreached
 floor6  | unreached
 floor7  | unreached
 floor8  | unreached
 floor9  | unreached
 floor10 | unreached
 floor11 | unreached
 floor12 | unreached
 floor13 | unreached
 floor14 | unreached
 floor15 | unreached
 floor16 | unreached
---------------------

Optimizing unit <elevator> ...

Mapping all equations...
Building and optimizing final netlist ...
Found area constraint ratio of 100 (+ 5) on block elevator, actual ratio is 0.

Final Macro Processing ...

=========================================================================
Final Register Report

Macro Statistics
# Registers                                            : 10
 Flip-Flops                                            : 10

=========================================================================

=========================================================================
*                           Partition Report                            *
=========================================================================

Partition Implementation Status
-------------------------------

  No Partitions were found in this design.

-------------------------------

=========================================================================
*                            Design Summary                             *
=========================================================================

Top Level Output File Name         : elevator.ngc

Primitive and Black Box Usage:
------------------------------
# BELS                             : 28
#      GND                         : 1
#      INV                         : 1
#      LUT2                        : 2
#      LUT3                        : 2
#      LUT4                        : 22
# FlipFlops/Latches                : 10
#      FDC                         : 4
#      FDCE                        : 4
#      FDR                         : 2
# Clock Buffers                    : 1
#      BUFGP                       : 1
# IO Buffers                       : 22
#      IBUF                        : 3
#      OBUF                        : 19

Device utilization summary:
---------------------------

Selected Device : 7a100tcsg324-3 


Slice Logic Utilization: 
 Number of Slice Registers:              10  out of  126800     0%  
 Number of Slice LUTs:                   27  out of  63400     0%  
    Number used as Logic:                27  out of  63400     0%  

Slice Logic Distribution: 
 Number of LUT Flip Flop pairs used:     27
   Number with an unused Flip Flop:      17  out of     27    62%  
   Number with an unused LUT:             0  out of     27     0%  
   Number of fully used LUT-FF pairs:    10  out of     27    37%  
   Number of unique control sets:         4

IO Utilization: 
 Number of IOs:                          23
 Number of bonded IOBs:                  23  out of    210    10%  

Specific Feature Utilization:
 Number of BUFG/BUFGCTRLs:                1  out of     32     3%  

---------------------------
Partition Resource Summary:
---------------------------

  No Partitions were found in this design.

---------------------------


=========================================================================
Timing Report

NOTE: THESE TIMING NUMBERS ARE ONLY A SYNTHESIS ESTIMATE.
      FOR ACCURATE TIMING INFORMATION PLEASE REFER TO THE TRACE REPORT
      GENERATED AFTER PLACE-and-ROUTE.

Clock Information:
------------------
-----------------------------------+------------------------+-------+
Clock Signal                       | Clock buffer(FF name)  | Load  |
-----------------------------------+------------------------+-------+
clk                                | BUFGP                  | 10    |
-----------------------------------+------------------------+-------+

Asynchronous Control Signals Information:
----------------------------------------
No asynchronous control signals found in this design

Timing Summary:
---------------
Speed Grade: -3

   Minimum period: 1.454ns (Maximum Frequency: 687.569MHz)
   Minimum input arrival time before clock: 0.671ns
   Maximum output required time after clock: 1.350ns
   Maximum combinational path delay: No path found

Timing Details:
---------------
All values displayed in nanoseconds (ns)

=========================================================================
Timing constraint: Default period analysis for Clock 'clk'
  Clock period: 1.454ns (frequency: 687.569MHz)
  Total number of paths / destination ports: 44 / 14
-------------------------------------------------------------------------
Delay:               1.454ns (Levels of Logic = 1)
  Source:            temp1_0 (FF)
  Destination:       temp2_1 (FF)
  Source Clock:      clk rising
  Destination Clock: clk rising

  Data Path: temp1_0 to temp2_1
                                Gate     Net
    Cell:in->out      fanout   Delay   Delay  Logical Name (Net Name)
    ----------------------------------------  ------------
     FDC:C->Q             13   0.361   0.612  temp1_0 (temp1_0)
     LUT4:I0->O            3   0.097   0.289  PWR_3_o_temp1[3]_equal_55_o<3>1 (PWR_3_o_temp1[3]_equal_55_o)
     FDCE:CE                   0.095          temp2_1
    ----------------------------------------
    Total                      1.454ns (0.553ns logic, 0.901ns route)
                                       (38.0% logic, 62.0% route)

=========================================================================
Timing constraint: Default OFFSET IN BEFORE for Clock 'clk'
  Total number of paths / destination ports: 14 / 12
-------------------------------------------------------------------------
Offset:              0.671ns (Levels of Logic = 1)
  Source:            reset (PAD)
  Destination:       temp1_0 (FF)
  Destination Clock: clk rising

  Data Path: reset to temp1_0
                                Gate     Net
    Cell:in->out      fanout   Delay   Delay  Logical Name (Net Name)
    ----------------------------------------  ------------
     IBUF:I->O            10   0.001   0.321  reset_IBUF (reset_IBUF)
     FDC:CLR                   0.349          temp1_0
    ----------------------------------------
    Total                      0.671ns (0.350ns logic, 0.321ns route)
                                       (52.2% logic, 47.8% route)

=========================================================================
Timing constraint: Default OFFSET OUT AFTER for Clock 'clk'
  Total number of paths / destination ports: 61 / 17
-------------------------------------------------------------------------
Offset:              1.350ns (Levels of Logic = 2)
  Source:            temp1_0 (FF)
  Destination:       digit1<6> (PAD)
  Source Clock:      clk rising

  Data Path: temp1_0 to digit1<6>
                                Gate     Net
    Cell:in->out      fanout   Delay   Delay  Logical Name (Net Name)
    ----------------------------------------  ------------
     FDC:C->Q             13   0.361   0.612  temp1_0 (temp1_0)
     LUT4:I0->O            1   0.097   0.279  Mram_digit121 (digit1_2_OBUF)
     OBUF:I->O                 0.000          digit1_2_OBUF (digit1<2>)
    ----------------------------------------
    Total                      1.350ns (0.458ns logic, 0.892ns route)
                                       (33.9% logic, 66.1% route)

=========================================================================

Cross Clock Domains Report:
--------------------------

Clock to Setup on destination clock clk
---------------+---------+---------+---------+---------+
               | Src:Rise| Src:Fall| Src:Rise| Src:Fall|
Source Clock   |Dest:Rise|Dest:Rise|Dest:Fall|Dest:Fall|
---------------+---------+---------+---------+---------+
clk            |    1.454|         |         |         |
---------------+---------+---------+---------+---------+

=========================================================================


Total REAL time to Xst completion: 4.00 secs
Total CPU time to Xst completion: 4.04 secs
 
--> 

Total memory usage is 296160 kilobytes

Number of errors   :    0 (   0 filtered)
Number of warnings :    0 (   0 filtered)
Number of infos    :   14 (   0 filtered)

